// Jest Snapshot v1, https://goo.gl/fbAQLP

exports[`MarkerMuster Component should render and unmount component 1`] = `
<div>
  <div
    class="leaflet-container leaflet-grab leaflet-touch-drag"
    style="position: relative;"
    tabindex="0"
  >
    <div
      class="leaflet-pane leaflet-map-pane"
      style="left: 0px; top: 0px;"
    >
      <div
        class="leaflet-pane leaflet-tile-pane"
      />
      <div
        class="leaflet-pane leaflet-shadow-pane"
      />
      <div
        class="leaflet-pane leaflet-overlay-pane"
      />
      <div
        class="leaflet-pane leaflet-marker-pane"
      />
      <div
        class="leaflet-pane leaflet-tooltip-pane"
      />
      <div
        class="leaflet-pane leaflet-popup-pane"
      />
    </div>
    <div
      class="leaflet-control-container"
    >
      <div
        class="leaflet-top leaflet-left"
      >
        <div
          class="leaflet-control-zoom leaflet-bar leaflet-control"
        >
          <a
            aria-label="Zoom in"
            class="leaflet-control-zoom-in"
            href="#"
            role="button"
            title="Zoom in"
          >
            +
          </a>
          <a
            aria-label="Zoom out"
            class="leaflet-control-zoom-out"
            href="#"
            role="button"
            title="Zoom out"
          >
            âˆ’
          </a>
        </div>
        <div
          class="leaflet-draw leaflet-control"
        >
          <div
            class="leaflet-draw-section"
          >
            <div
              class="leaflet-draw-toolbar leaflet-bar leaflet-draw-toolbar-top"
            >
              <a
                class="leaflet-draw-draw-polyline"
                href="#"
                title="Draw a polyline"
              >
                <span
                  class="sr-only"
                >
                  Draw a polyline
                </span>
              </a>
              <a
                class="leaflet-draw-draw-polygon"
                href="#"
                title="Draw a polygon"
              >
                <span
                  class="sr-only"
                >
                  Draw a polygon
                </span>
              </a>
            </div>
            <ul
              class="leaflet-draw-actions"
            />
          </div>
          <div
            class="leaflet-draw-section"
          >
            <div
              class="leaflet-draw-toolbar leaflet-bar"
            >
              <a
                class="leaflet-draw-edit-edit"
                href="#"
                title="Edit layers"
              >
                <span
                  class="sr-only"
                >
                  Edit layers
                </span>
              </a>
              <a
                class="leaflet-draw-edit-remove"
                href="#"
                title="Delete layers"
              >
                <span
                  class="sr-only"
                >
                  Delete layers
                </span>
              </a>
            </div>
            <ul
              class="leaflet-draw-actions"
            />
          </div>
        </div>
      </div>
      <div
        class="leaflet-top leaflet-right"
      />
      <div
        class="leaflet-bottom leaflet-left"
      />
      <div
        class="leaflet-bottom leaflet-right"
      >
        <div
          class="leaflet-control-attribution leaflet-control"
        >
          <a
            href="https://leafletjs.com"
            title="A JS library for interactive maps"
          >
            Leaflet
          </a>
        </div>
      </div>
    </div>
  </div>
</div>
`;=